// Jest Snapshot v1, https://goo.gl/fbAQLP

exports[`Fails if more than max warnings 1`] = `
"PASS integrationTests/__fixtures__/max-warnings/__eslint__/file.js
FAIL integrationTests/__fixtures__/max-warnings/__eslint__/file2.js
ESLint found too many warnings (maximum: 2).
Test Suites: 1 failed, 1 passed, 2 total
Tests:       1 failed, 1 passed, 2 total
Snapshots:   0 total
Time:
Ran all test suites.

"
`;
