// Jest Snapshot v1, https://goo.gl/fbAQLP

exports[`Fails if more than max warnings 1`] = `
"FAIL __eslint__/file.js
  ✕ no-console 
  ✕ no-console 
  ✕ no-console 


/mocked-path-to-jest-runner-mocha/integrationTests/__fixtures__/max-warnings/__eslint__/file.js
  3:1  warning  Unexpected console statement  no-console
  4:1  warning  Unexpected console statement  no-console
  5:1  warning  Unexpected console statement  no-console

✖ 3 problems (0 errors, 3 warnings)

ESLint found too many warnings (maximum: 2).
Test Suites: 1 failed, 1 total
Tests:       1 failed, 1 total
Snapshots:   0 total
Time:        
Ran all test suites.
"
`;
