// Jest Snapshot v1, https://goo.gl/fbAQLP

exports[`does not log warnings as errors in quiet mode 1`] = `
"FAIL __eslint__/file.js
  ✕ no-undef 


/mocked-path-to-jest-runner-mocha/integrationTests/__fixtures__/quiet-mode/__eslint__/file.js
  5:3  error  'hello' is not defined  no-undef

✖ 1 problem (1 error, 0 warnings)

Test Suites: 1 failed, 1 total
Tests:       1 failed, 1 total
Snapshots:   0 total
Time:        
Ran all test suites.
"
`;
